// Jest Snapshot v1, https://goo.gl/fbAQLP

exports[`Testing <Menu /> component should render correctly 1`] = `
<Menu
  dispatch={[Function]}
  menu={
    Array [
      Object {
        "name": "test-name",
        "url": "https://test-url.com",
      },
      Object {
        "name": "test-name2",
        "url": "/test-url2",
      },
    ]
  }
  open={true}
  store={
    Object {
      "clearActions": [Function],
      "dispatch": [Function],
      "getActions": [Function],
      "getState": [Function],
      "replaceReducer": [Function],
      "subscribe": [Function],
    }
  }
  storeSubscription={
    Subscription {
      "listeners": Object {
        "clear": [Function],
        "get": [Function],
        "notify": [Function],
        "subscribe": [Function],
      },
      "onStateChange": [Function],
      "parentSub": undefined,
      "store": Object {
        "clearActions": [Function],
        "dispatch": [Function],
        "getActions": [Function],
        "getState": [Function],
        "replaceReducer": [Function],
        "subscribe": [Function],
      },
      "unsubscribe": [Function],
    }
  }
/>
`;
