// Jest Snapshot v1, https://goo.gl/fbAQLP

exports[`Testing <MobileMenuSearchBox /> component should render correctly 1`] = `
<MobileMenuSearchBoxComponent
  onSubmit={[Function]}
  store={
    Object {
      "clearActions": [Function],
      "dispatch": [Function],
      "getActions": [Function],
      "getState": [Function],
      "replaceReducer": [Function],
      "subscribe": [Function],
    }
  }
/>
`;
