// Jest Snapshot v1, https://goo.gl/fbAQLP

exports[`Testing <CardPart /> component should render correct 1`] = `
<Fragment>
  <dt>
    test-title:
  </dt>
  <dd>
    test-text
  </dd>
</Fragment>
`;
