// Jest Snapshot v1, https://goo.gl/fbAQLP

exports[`Testing <MobileMenuControl /> component should render correctly 1`] = `
<MobileMenuControl
  color="white"
  displayMobileMenu={false}
  hideMobileMenu={[Function]}
  showMobileMenu={[Function]}
  store={
    Object {
      "clearActions": [Function],
      "dispatch": [Function],
      "getActions": [Function],
      "getState": [Function],
      "replaceReducer": [Function],
      "subscribe": [Function],
    }
  }
  storeSubscription={
    Subscription {
      "listeners": Object {
        "clear": [Function],
        "get": [Function],
        "notify": [Function],
        "subscribe": [Function],
      },
      "onStateChange": [Function],
      "parentSub": undefined,
      "store": Object {
        "clearActions": [Function],
        "dispatch": [Function],
        "getActions": [Function],
        "getState": [Function],
        "replaceReducer": [Function],
        "subscribe": [Function],
      },
      "unsubscribe": [Function],
    }
  }
  toggleMobileMenu={[Function]}
/>
`;
