// Jest Snapshot v1, https://goo.gl/fbAQLP

exports[`containers - MobileMenuOption mapStateToProps should return the correct properties 1`] = `
Object {
  "backgroundImage": "/assets/img/hero.png",
}
`;
