// Jest Snapshot v1, https://goo.gl/fbAQLP

exports[`components - ProjectPage render should render correctly 1`] = `
<div
  className="repo-general"
>
  <Connect(SiteBanner)
    title="Browse Projects"
  />
  <Breadcrumbs
    crumbs={
      Array [
        Object {
          "text": "Home",
          "to": "/",
        },
        Object {
          "text": "repo-agency-acronym",
          "to": "/browse-projects?agencies=repo-agency-acronym",
        },
        Object {
          "text": "repo-name",
        },
      ]
    }
  />
  <section
    className="repo-container indented"
  >
    <header>
      <div
        className="repo-header-container"
      >
        <h2>
          repo-name
        </h2>
        <span
          className="updated"
        >
          <div>
            Last updated on 12/10/2020
          </div>
        </span>
        <Connect(CustomLinkComponent)
          key="repo-tag-1"
          to="/search?query=repo-tag-1"
        >
          <span>
            <button
              className="tag"
            >
              repo-tag-1
            </button>
          </span>
        </Connect(CustomLinkComponent)>
        <Connect(CustomLinkComponent)
          key="repo-tag-2"
          to="/search?query=repo-tag-2"
        >
          <span>
            <button
              className="tag"
            >
              repo-tag-2
            </button>
          </span>
        </Connect(CustomLinkComponent)>
        <ul
          className="repo-features"
        >
          <li>
            <i
              className="icon icon-certificate"
            />
            <span>
              repo-license
            </span>
          </li>
          <li>
            <i
              className="icon icon-hourglass-end"
            />
            123 hours
          </li>
          <li>
            <i
              className="icon icon-code"
            />
            <span
              className="languagefalse"
              key="repo-lang-1"
            >
              repo-lang-1
              <span
                className="comma"
              >
                , 
              </span>
            </span>
            <span
              className="language last"
              key="repo-lang-2"
            >
              repo-lang-2
              <span
                className="comma"
              >
                , 
              </span>
            </span>
          </li>
          <li>
            <i
              className="icon icon-mail"
            />
            <a
              href="mailto:repo-email?Subject=Contribution%20Inquiry"
              target="_top"
            >
              repo-email
            </a>
          </li>
        </ul>
        <p>
          repo-desc
        </p>
        <div>
          <br />
          <div
            className="metadata-entry"
          >
            <div
              className="metadata-key"
            >
              array
            </div>
            <div
              className="metadata-value"
            >
              <div
                key="array-repo-meta-arr-1"
              >
                repo-meta-arr-1
              </div>
            </div>
          </div>
          <div
            className="metadata-entry"
          >
            <div
              className="metadata-key"
            >
              url
            </div>
            <div
              className="metadata-value"
            >
              <a
                href="http://www.repo-meta-url.com"
                target="_blank"
              >
                <div>
                  http://www.repo-meta-url.com
                </div>
              </a>
            </div>
          </div>
          <div
            className="metadata-entry"
          >
            <div
              className="metadata-key"
            >
              string
            </div>
            <div
              className="metadata-value"
            >
              <div>
                repo-meta-string
              </div>
            </div>
          </div>
        </div>
        <br />
        <a
          href="https://github.com/repo-url"
          target="_blank"
        >
          <button
            className="button"
          >
            Visit Repo
          </button>
        </a>
      </div>
    </header>
  </section>
</div>
`;
