// Jest Snapshot v1, https://goo.gl/fbAQLP

exports[`components - MobileMenuControl should render correctly 1`] = `
<Fragment>
  <mobile-menu-button
    class="show-w-lte-800 mobile-menu-button"
    onClick={[MockFunction]}
    open={false}
  />
  <Connect(Menu)
    open={false}
  />
</Fragment>
`;
