// Jest Snapshot v1, https://goo.gl/fbAQLP

exports[`containers - HomeBanner mapStateToProps should return the correct properties 1`] = `
Object {
  "backgroundImage": "/assets/img/hero.png",
  "motto": "Coding California Government",
  "subtitle": "Code California is an open collaboration between agencies, industry technology partners and civic technologists working to code a more innovative, collaborative and effective government that best serves the people of California.",
}
`;
