// Jest Snapshot v1, https://goo.gl/fbAQLP

exports[`components - HomeFeaturedProject should render correctly 1`] = `
<div
  className="block featured-project"
>
  <div
    className="indented"
  >
    <hr />
    <div
      className="width-third"
    >
      <h2
        className="fp-short-name"
      >
        short-name
      </h2>
      <div
        align="center"
      >
        <i
          alt="test-alt"
          className="test-image"
        />
      </div>
    </div>
    <div
      className="width-two-thirds"
    >
      <p
        className="fp-description"
      >
        test-desc
      </p>
      <span
        key="http://test-url"
      >
        <a
          href="http://test-url"
        >
          <button>
            http-1
          </button>
        </a>
      </span>
      <span
        key="/other-url"
      >
        <Connect(CustomLinkComponent)
          to="/other-url"
        >
          <button>
            other-1
          </button>
        </Connect(CustomLinkComponent)>
      </span>
      <span
        key="https://test-url-2"
      >
        <a
          href="https://test-url-2"
        >
          <button>
            http-2
          </button>
        </a>
      </span>
    </div>
  </div>
</div>
`;
