// Jest Snapshot v1, https://goo.gl/fbAQLP

exports[`components - Home render should render correctly 1`] = `
<Fragment>
  <Connect(HomeBanner) />
  <Connect(HomeAbout) />
  <Connect(HomeFeaturedProjects) />
  <Connect(HomeProjectBoardComponent) />
  <HomePartners />
  <HomeConnect />
</Fragment>
`;
