// Jest Snapshot v1, https://goo.gl/fbAQLP

exports[`Testing <FilterTag /> component should render correct 1`] = `
<div
  className="filter-tag"
  onClick={[Function]}
>
  <div
    className="filter-tag-title"
  >
    test-title
  </div>
</div>
`;
