// Jest Snapshot v1, https://goo.gl/fbAQLP

exports[`components - Menu - PrimaryMenuOption should render correctly 1`] = `
<a
  aria-haspopup="true"
  className="nav-buttons"
  href="test-url"
  onClick={[Function]}
  role="menuitem"
  tabIndex="0"
>
  option-name
</a>
`;
