// Jest Snapshot v1, https://goo.gl/fbAQLP

exports[`Testing <HomeAbout /> component should render correct 1`] = `
<HomeAbout
  aboutItems={
    Array [
      Object {
        "button": "test-button",
        "description": "Test Description.",
        "image": "test-image",
        "link": "https://test-link.com",
        "title": "test",
      },
    ]
  }
  dispatch={[Function]}
  mission="test missions quote"
  store={
    Object {
      "clearActions": [Function],
      "dispatch": [Function],
      "getActions": [Function],
      "getState": [Function],
      "replaceReducer": [Function],
      "subscribe": [Function],
    }
  }
  storeSubscription={
    Subscription {
      "listeners": Object {
        "clear": [Function],
        "get": [Function],
        "notify": [Function],
        "subscribe": [Function],
      },
      "onStateChange": [Function],
      "parentSub": undefined,
      "store": Object {
        "clearActions": [Function],
        "dispatch": [Function],
        "getActions": [Function],
        "getState": [Function],
        "replaceReducer": [Function],
        "subscribe": [Function],
      },
      "unsubscribe": [Function],
    }
  }
/>
`;
