// Jest Snapshot v1, https://goo.gl/fbAQLP

exports[`Testing <ProjectPage /> component should render correctly 1`] = `
<ProjectPage
  match={
    Object {
      "isExact": true,
      "params": Object {
        "repoID": "test-repo",
      },
      "path": "/projects/:repoID",
      "url": "/projects/test-repo",
    }
  }
  store={
    Object {
      "clearActions": [Function],
      "dispatch": [Function],
      "getActions": [Function],
      "getState": [Function],
      "replaceReducer": [Function],
      "subscribe": [Function],
    }
  }
  storeSubscription={
    Subscription {
      "listeners": Object {
        "clear": [Function],
        "get": [Function],
        "notify": [Function],
        "subscribe": [Function],
      },
      "onStateChange": [Function],
      "parentSub": undefined,
      "store": Object {
        "clearActions": [Function],
        "dispatch": [Function],
        "getActions": [Function],
        "getState": [Function],
        "replaceReducer": [Function],
        "subscribe": [Function],
      },
      "unsubscribe": [Function],
    }
  }
  updateProject={[Function]}
/>
`;
