// Jest Snapshot v1, https://goo.gl/fbAQLP

exports[`Testing <App /> component should render correctly 1`] = `
<Route>
  <Component />
</Route>
`;
